exports[`test model 1`] = `
Object {
  "color": null,
  "isLoading": true,
}
`;

exports[`test model 2`] = `
Object {
  "color": "red",
  "isLoading": false,
}
`;
