exports[`test LoadStart 1`] = `
Object {
  "gifUrl": null,
  "isLoading": true
}
`;

exports[`test LoadSuccess 1`] = `
Object {
  "gifUrl": "https://media2.giphy.com/media/m7ychnf9zOVm8/giphy.gif",
  "isLoading": false
}
`;
