exports[`test default 1`] = `
<div>
  <p>
    Count: 
    0
  </p>
</div>
`;
